iftitle [if exist /bootmgr] Boot Manager Menu - Win 7/8/10 VHD and WIM
chainloader /bootmgr

iftitle [if exist (hd0,0)/porteus/vmlinuz] Porteus v5RC2 Generic fully on Ram  - (hd0,0)/porteus
kernel /porteus/vmlinuz noauto  copy2ram 
initrd /porteus/initrd.xz

iftitle [if exist (hd0,0)/porteus/optional/PC-1.xzm] Porteus v5RC2 for PC-1 fully on Ram  - (hd0,0)/porteus
kernel /porteus/vmlinuz noauto copy2ram load=PC-1;LibreOffice 
initrd /porteus/initrd.xz

iftitle [if exist (hd0,0)/porteus/optional/PC-2.xzm] Porteus v5RC2 for PC-2 fully on Ram  - (hd0,0)/porteus
kernel /porteus/vmlinuz noauto copy2ram load=PC-2;LibreOffice 
initrd /porteus/initrd.xz

iftitle [if exist (hd0,0)/porteus/changes/save.dat] Porteus v5RC2 with persistence - (hd0,0)/porteus/changes/save.dat
kernel /porteus/vmlinuz noauto changes=/porteus/changes/save.dat  
initrd /porteus/initrd.xz

iftitle [if exist (hd0,0)/casper/vmlinuz] FossaDog without persistence - (hd0,0)/casper
kernel /casper/vmlinuz noauto
initrd /casper/initrd1.xz

iftitle [if exist (hd0,0)/casper/changes.dat] FossaDog optional persistence on EXIT - (hd0,0)/casper/changes.dat
kernel /casper/vmlinuz noauto from=/ changes=EXIT:/casper/changes.dat
initrd /casper/initrd1.xz

iftitle [if exist (hd0,0)/Fossapup64/puppy_fossapup64_9.5.sfs] Puppy Linux Fossapup64_9.5 - (hd0,0)/Fossapup64
kernel /Fossapup64/vmlinuz pmedia=usbflash pdrv=U-BOOT psubdir=/Fossapup64 pfix=fsck,fsckp
initrd /Fossapup64/initrd.gz

iftitle [if exist (hd0,0)/Slacko64/puppy_slacko64_7.0.sfs] Puppy Linux Slacko64-7.0 - (hd0,0)/Slacko64
kernel /Slacko64/vmlinuz pmedia=usbflash pdrv=U-BOOT psubdir=/Slacko64 pfix=fsck,fsckp
initrd /Slacko64/initrd.gz

iftitle [if exist (hd1,0)/bootmgr] Boot Windows from first primary partition of first hard disk 
chainloader (hd1,0)/bootmgr

title Grub4dos Menu
configfile /menu.lst

title Reboot Main Menu
chainloader (hd0)+1

title Reboot
reboot

title Switch Off
halt
