color white/blue  black/light-gray white/black white/black
# color black/green  red/light-gray
# setmenu --string=75=0=0xff0000="date&time"
#general command to pick highest mode available up to 1000 xres - recommended if you have a wide variety of systems
#pick highest resolution up to 1000x10000 and either 24-bit or 32-bit colour only
# graphicsmode -1 100:1000 100:10000 24:32

# splashimage /images/sunrise.gz
timeout 10
default 0

iftitle [if exist (hd0,0)/bootmgr] Boot Manager Menu - Win 7/8/10 VHD and WIM - (hd0,0)/bootmgr
chainloader (hd0,0)/bootmgr

iftitle [if exist (hd0,1)/bootmgr] Boot Manager Menu - Win 7/8/10 VHD and WIM - (hd0,1)/bootmgr
chainloader (hd0,1)/bootmgr

iftitle [if exist (hd0,0)/grubfm.iso] Grub2 File Manager of a1ive - (hd0,0)/grubfm.iso
map --mem (hd0,0)/grubfm.iso (0xff)
map --hook
chainloader (0xff)

iftitle [if exist (hd0,0)/grubfm_multiarch.iso] Grub2 File Manager of a1ive - (hd0,0)/grubfm_multiarch.iso
map --mem (hd0,0)/grubfm_multiarch.iso (0xff)
map --hook
chainloader (0xff)

iftitle [if exist (hd0,0)/grub/core.img] Grub2 Menu of a1ive - (hd0,0)/grub/core.img
kernel /grub/core.img

iftitle [ls (hd0,0)/images] Windows ISO Menu - (hd0,0)/images
set iso_drive=(hd0,0)
find --set-root /menu_Win_ISO.lst
configfile /menu_Win_ISO.lst

iftitle [ls (hd0,1)/images] Windows ISO Menu - (hd0,1)/images
set iso_drive=(hd0,1)
find --set-root /menu_Win_ISO.lst
configfile /menu_Win_ISO.lst

iftitle [ls (hd0,0)/images] Linux   ISO Menu - (hd0,0)/images
set iso_drive=(hd0,0)
find --set-root /menu_Linux.lst
configfile /menu_Linux.lst

iftitle [ls (hd0,1)/images] Linux   ISO Menu - (hd0,1)/images
set iso_drive=(hd0,1)
find --set-root /menu_Linux.lst
configfile /menu_Linux.lst

iftitle [if exist %iso_drive%/AIO/Menu/Grub4dos.lst] AIO Grub4dos Menu - %iso_drive%/AIO/Menu/Grub4dos.lst
configfile %iso_drive%/AIO/Menu/Grub4dos.lst

iftitle [if exist (hd1,0)/bootmgr] Boot Windows from first primary partition of first hard disk 
chainloader (hd1,0)/bootmgr

title Reboot Main Menu
chainloader (hd0)+1

title Reboot
reboot

title Switch Off
halt
