iftitle [if exist /bootmgr] Boot Manager Menu - Win 7/8/10 VHD and WIM
chainloader /bootmgr

iftitle [if exist %iso_drive%/images/linuxmint-19.3-cinnamon-64bit.iso] ISO Linux Mint - %iso_drive%/images/linuxmint-19.3-cinnamon-64bit.iso
set iso_path=/images/linuxmint-19.3-cinnamon-64bit.iso
map %iso_drive%%iso_path% (0xff)
map --hook
root (0xff)
kernel /casper/vmlinuz file=/cdrom/preseed/linuxmint.seed boot=casper iso-scan/filename=%iso_path% quiet splash --
initrd /casper/initrd.lz

iftitle [if exist %iso_drive%/images/linuxmint-19.3-cinnamon-64bit.iso && if exist %iso_drive%/images/linuxmint/casper-rw] ISO Linux Mint Persist - %iso_drive%/images/linuxmint-19.3-cinnamon-64bit.iso
set iso_path=/images/linuxmint-19.3-cinnamon-64bit.iso
map %iso_drive%%iso_path% (0xff)
map --hook
root (0xff)
kernel /casper/vmlinuz file=/cdrom/preseed/linuxmint.seed boot=casper persistent persistent-path=/images/linuxmint/ iso-scan/filename=%iso_path% quiet splash --
initrd /casper/initrd.lz

iftitle [if exist %iso_drive%/images/linuxmint.iso] ISO Linux Mint - %iso_drive%/images/linuxmint.iso
set iso_path=/images/linuxmint.iso
map %iso_drive%%iso_path% (0xff)
map --hook
root (0xff)
kernel /casper/vmlinuz file=/cdrom/preseed/linuxmint.seed boot=casper iso-scan/filename=%iso_path% quiet splash --
initrd /casper/initrd.lz

iftitle [if exist %iso_drive%/images/linuxmint.iso && if exist %iso_drive%/images/linuxmint/casper-rw] ISO Linux Mint Persist - %iso_drive%/images/linuxmint.iso
set iso_path=/images/linuxmint.iso
map %iso_drive%%iso_path% (0xff)
map --hook
root (0xff)
kernel /casper/vmlinuz file=/cdrom/preseed/linuxmint.seed boot=casper persistent persistent-path=/images/linuxmint/ iso-scan/filename=%iso_path% quiet splash --
initrd /casper/initrd.lz

iftitle [if exist %iso_drive%/images/runtimelivecd.iso] ISO Knoppix - %iso_drive%/images/runtimelivecd.iso
set iso_path=/images/runtimelivecd.iso
map %iso_drive%%iso_path% (0xff)
map --hook
root (0xff)
kernel /boot/isolinux/linux bootfrom=/dev/*%iso_path% knoppix_dir=/KNOPPIX ramdisk_size=100000 lang=en apm=power-off nomce libata.force=noncq hpsa.hpsa_allow_any=1 loglevel=1 noswap tz=localtime
initrd /boot/isolinux/minirt.gz

iftitle [if exist %iso_drive%/images/knoppix.iso] ISO Knoppix - %iso_drive%/images/knoppix.iso
set iso_path=/images/knoppix.iso
map %iso_drive%%iso_path% (0xff)
map --hook
root (0xff)
kernel /boot/isolinux/linux bootfrom=/dev/*%iso_path% knoppix_dir=/KNOPPIX ramdisk_size=100000 lang=en apm=power-off nomce libata.force=noncq hpsa.hpsa_allow_any=1 loglevel=1 noswap tz=localtime
initrd /boot/isolinux/minirt.gz

iftitle [if exist %iso_drive%/images/ubuntu-19.10-desktop-amd64.iso] ISO Ubuntu - %iso_drive%/images/ubuntu-19.10-desktop-amd64.iso
set iso_path=/images/ubuntu-19.10-desktop-amd64.iso
map %iso_drive%%iso_path% (0xff)
map --hook
root (0xff)
kernel /casper/vmlinuz file=/cdrom/preseed/ubuntu.seed boot=casper iso-scan/filename=%iso_path% quiet splash ---
initrd /casper/initrd

iftitle [if exist %iso_drive%/images/ubuntu-19.10-desktop-amd64.iso && if exist %iso_drive%/images/ubuntu/casper-rw] ISO Ubuntu Persist - %iso_drive%/images/ubuntu-19.10-desktop-amd64.iso
set iso_path=/images/ubuntu-19.10-desktop-amd64.iso
map %iso_drive%%iso_path% (0xff)
map --hook
root (0xff)
kernel /casper/vmlinuz file=/cdrom/preseed/ubuntu.seed boot=casper persistent persistent-path=/images/ubuntu/ iso-scan/filename=%iso_path% quiet splash ---
initrd /casper/initrd

iftitle [if exist %iso_drive%/images/ubuntu.iso] ISO Ubuntu - %iso_drive%/images/ubuntu.iso
set iso_path=/images/ubuntu.iso
map %iso_drive%%iso_path% (0xff)
map --hook
root (0xff)
kernel /casper/vmlinuz file=/cdrom/preseed/ubuntu.seed boot=casper iso-scan/filename=%iso_path% quiet splash ---
initrd /casper/initrd

iftitle [if exist %iso_drive%/images/ubuntu.iso && if exist %iso_drive%/images/ubuntu/casper-rw] ISO Ubuntu Persist - %iso_drive%/images/ubuntu.iso
set iso_path=/images/ubuntu.iso
map %iso_drive%%iso_path% (0xff)
map --hook
root (0xff)
kernel /casper/vmlinuz file=/cdrom/preseed/ubuntu.seed boot=casper persistent persistent-path=/images/ubuntu/ iso-scan/filename=%iso_path% quiet splash ---
initrd /casper/initrd

iftitle [if exist %iso_drive%/images/Porteus-CINNAMON-v4.0-x86_64.iso] ISO Linux Porteus - %iso_drive%/images/Porteus-CINNAMON-v4.0-x86_64.iso
set iso_path=/images/Porteus-CINNAMON-v4.0-x86_64.iso
map %iso_drive%%iso_path% (0xff)
map --hook
root (0xff)
kernel /boot/syslinux/vmlinuz nomagic base_only norootcopy from=%iso_path%
initrd /boot/syslinux/initrd.xz

iftitle [if exist %iso_drive%/iso/linuxmint/linuxmint-19.3-cinnamon-64bit.iso] ISO Linux Mint - %iso_drive%/iso/linuxmint/linuxmint-19.3-cinnamon-64bit.iso
set iso_path=/iso/linuxmint/linuxmint-19.3-cinnamon-64bit.iso
map %iso_drive%%iso_path% (0xff)
map --hook
root (0xff)
kernel /casper/vmlinuz file=/cdrom/preseed/linuxmint.seed boot=casper iso-scan/filename=%iso_path% quiet splash --
initrd /casper/initrd.lz

iftitle [if exist %iso_drive%/iso/linuxmint/linuxmint-19.3-cinnamon-64bit.iso && if exist %iso_drive%/iso/linuxmint/casper-rw] ISO Linux Mint Persist - %iso_drive%/iso/linuxmint/linuxmint-19.3-cinnamon-64bit.iso
set iso_path=/iso/linuxmint/linuxmint-19.3-cinnamon-64bit.iso
map %iso_drive%%iso_path% (0xff)
map --hook
root (0xff)
kernel /casper/vmlinuz file=/cdrom/preseed/linuxmint.seed boot=casper persistent persistent-path=/iso/linuxmint/ iso-scan/filename=%iso_path% quiet splash --
initrd /casper/initrd.lz

iftitle [if exist %iso_drive%/iso/linuxmint/linuxmint.iso] ISO Linux Mint - %iso_drive%/iso/linuxmint/linuxmint.iso
set iso_path=/iso/linuxmint/linuxmint.iso
map %iso_drive%%iso_path% (0xff)
map --hook
root (0xff)
kernel /casper/vmlinuz file=/cdrom/preseed/linuxmint.seed boot=casper iso-scan/filename=%iso_path% quiet splash --
initrd /casper/initrd.lz

iftitle [if exist %iso_drive%/iso/linuxmint/linuxmint.iso && if exist %iso_drive%/iso/linuxmint/casper-rw] ISO Linux Mint Persist - %iso_drive%/iso/linuxmint/linuxmint.iso
set iso_path=/iso/linuxmint/linuxmint.iso
map %iso_drive%%iso_path% (0xff)
map --hook
root (0xff)
kernel /casper/vmlinuz file=/cdrom/preseed/linuxmint.seed boot=casper persistent persistent-path=/iso/linuxmint/ iso-scan/filename=%iso_path% quiet splash --
initrd /casper/initrd.lz

iftitle [if exist %iso_drive%/iso/knoppix/runtimelivecd.iso] ISO Knoppix - %iso_drive%/iso/knoppix/runtimelivecd.iso
set iso_path=/iso/knoppix/runtimelivecd.iso
map %iso_drive%%iso_path% (0xff)
map --hook
root (0xff)
kernel /boot/isolinux/linux bootfrom=/dev/*%iso_path% knoppix_dir=/KNOPPIX ramdisk_size=100000 lang=en apm=power-off nomce libata.force=noncq hpsa.hpsa_allow_any=1 loglevel=1 noswap tz=localtime
initrd /boot/isolinux/minirt.gz

iftitle [if exist %iso_drive%/iso/knoppix/knoppix.iso] ISO Knoppix - %iso_drive%/iso/knoppix/knoppix.iso
set iso_path=/iso/knoppix/knoppix.iso
map %iso_drive%%iso_path% (0xff)
map --hook
root (0xff)
kernel /boot/isolinux/linux bootfrom=/dev/*%iso_path% knoppix_dir=/KNOPPIX ramdisk_size=100000 lang=en apm=power-off nomce libata.force=noncq hpsa.hpsa_allow_any=1 loglevel=1 noswap tz=localtime
initrd /boot/isolinux/minirt.gz

iftitle [if exist %iso_drive%/iso/ubuntu/ubuntu-19.10-desktop-amd64.iso] ISO Ubuntu - %iso_drive%/iso/ubuntu/ubuntu-19.10-desktop-amd64.iso
set iso_path=/iso/ubuntu/ubuntu-19.10-desktop-amd64.iso
map %iso_drive%%iso_path% (0xff)
map --hook
root (0xff)
kernel /casper/vmlinuz file=/cdrom/preseed/ubuntu.seed boot=casper iso-scan/filename=%iso_path% quiet splash ---
initrd /casper/initrd

iftitle [if exist %iso_drive%/iso/ubuntu/ubuntu-19.10-desktop-amd64.iso && if exist %iso_drive%/iso/ubuntu/casper-rw] ISO Ubuntu Persist - %iso_drive%/iso/ubuntu/ubuntu-19.10-desktop-amd64.iso
set iso_path=/iso/ubuntu/ubuntu-19.10-desktop-amd64.iso
map %iso_drive%%iso_path% (0xff)
map --hook
root (0xff)
kernel /casper/vmlinuz file=/cdrom/preseed/ubuntu.seed boot=casper persistent persistent-path=/iso/ubuntu/ iso-scan/filename=%iso_path% quiet splash ---
initrd /casper/initrd

iftitle [if exist %iso_drive%/iso/ubuntu/ubuntu.iso] ISO Ubuntu - %iso_drive%/iso/ubuntu/ubuntu.iso
set iso_path=/iso/ubuntu/ubuntu.iso
map %iso_drive%%iso_path% (0xff)
map --hook
root (0xff)
kernel /casper/vmlinuz file=/cdrom/preseed/ubuntu.seed boot=casper iso-scan/filename=%iso_path% quiet splash ---
initrd /casper/initrd

iftitle [if exist %iso_drive%/iso/ubuntu/ubuntu.iso && if exist %iso_drive%/iso/ubuntu/casper-rw] ISO Ubuntu Persist - %iso_drive%/iso/ubuntu/ubuntu.iso
set iso_path=/iso/ubuntu/ubuntu.iso
map %iso_drive%%iso_path% (0xff)
map --hook
root (0xff)
kernel /casper/vmlinuz file=/cdrom/preseed/ubuntu.seed boot=casper persistent persistent-path=/iso/ubuntu/ iso-scan/filename=%iso_path% quiet splash ---
initrd /casper/initrd

iftitle [if exist %iso_drive%/iso/Porteus-CINNAMON-v4.0-x86_64.iso] ISO Linux Porteus - %iso_drive%/iso/Porteus-CINNAMON-v4.0-x86_64.iso
set iso_path=/iso/Porteus-CINNAMON-v4.0-x86_64.iso
map %iso_drive%%iso_path% (0xff)
map --hook
root (0xff)
kernel /boot/syslinux/vmlinuz nomagic base_only norootcopy from=%iso_path%
initrd /boot/syslinux/initrd.xz

title AIO Linux OS
find --set-root /AIO/Menu/Linux.lst
configfile /AIO/Menu/Linux.lst

iftitle [if exist (hd1,0)/bootmgr] Boot Windows from first primary partition of first hard disk 
chainloader (hd1,0)/bootmgr

title Grub4dos Menu
configfile /menu.lst

title Reboot Main Menu
chainloader (hd0)+1

title Reboot
reboot

title Switch Off
halt
