iftitle [if exist /bootmgr] Boot Manager Menu - Win 7/8/10 VHD and WIM
chainloader /bootmgr

iftitle [if exist %iso_drive%/images/linuxmint.iso] Linux Mint - %iso_drive%/images/linuxmint.iso
set iso_path=/images/linuxmint.iso
map %iso_drive%%iso_path% (0xff)
map --hook
root (0xff)
kernel /casper/vmlinuz file=/cdrom/preseed/linuxmint.seed boot=casper iso-scan/filename=%iso_path% quiet splash --
initrd /casper/initrd.lz

iftitle [if exist %iso_drive%/images/linuxmint.iso && if exist %iso_drive%/images/linuxmint/writable] Linux Mint writable - %iso_drive%/images/linuxmint.iso
set iso_path=/images/linuxmint.iso
map %iso_drive%%iso_path% (0xff)
map --hook
root (0xff)
kernel /casper/vmlinuz file=/cdrom/preseed/linuxmint.seed boot=casper persistent persistent-path=/images/linuxmint/ iso-scan/filename=%iso_path% quiet splash --
initrd /casper/initrd.lz

iftitle [if exist %iso_drive%/images/runtimelivecd.iso] Knoppix - %iso_drive%/images/runtimelivecd.iso
set iso_path=/images/runtimelivecd.iso
map %iso_drive%%iso_path% (0xff)
map --hook
root (0xff)
kernel /boot/isolinux/linux bootfrom=/dev/*%iso_path% knoppix_dir=/KNOPPIX ramdisk_size=100000 lang=en apm=power-off nomce libata.force=noncq hpsa.hpsa_allow_any=1 loglevel=1 noswap tz=localtime
initrd /boot/isolinux/minirt.gz

iftitle [if exist %iso_drive%/images/knoppix.iso] Knoppix - %iso_drive%/images/knoppix.iso
set iso_path=/images/knoppix.iso
map %iso_drive%%iso_path% (0xff)
map --hook
root (0xff)
kernel /boot/isolinux/linux bootfrom=/dev/*%iso_path% knoppix_dir=/KNOPPIX ramdisk_size=100000 lang=en apm=power-off nomce libata.force=noncq hpsa.hpsa_allow_any=1 loglevel=1 noswap tz=localtime
initrd /boot/isolinux/minirt.gz

iftitle [if exist %iso_drive%/images/ubuntu.iso] Ubuntu - %iso_drive%/images/ubuntu.iso
set iso_path=/images/ubuntu.iso
map %iso_drive%%iso_path% (0xff)
map --hook
root (0xff)
kernel /casper/vmlinuz file=/cdrom/preseed/ubuntu.seed boot=casper iso-scan/filename=%iso_path% quiet splash ---
initrd /casper/initrd

iftitle [if exist %iso_drive%/images/ubuntu.iso && if exist %iso_drive%/images/ubuntu/writable] Ubuntu writable - %iso_drive%/images/ubuntu.iso
set iso_path=/images/ubuntu.iso
map %iso_drive%%iso_path% (0xff)
map --hook
root (0xff)
kernel /casper/vmlinuz file=/cdrom/preseed/ubuntu.seed boot=casper persistent persistent-path=/images/ubuntu/ iso-scan/filename=%iso_path% quiet splash ---
initrd /casper/initrd

iftitle [if exist %iso_drive%/images/Porteus.iso] Linux Porteus - %iso_drive%/images/Porteus.iso
set iso_path=/images/Porteus.iso
map %iso_drive%%iso_path% (0xff)
map --hook
root (0xff)
kernel /boot/syslinux/vmlinuz nomagic base_only norootcopy from=%iso_path%
initrd /boot/syslinux/initrd.xz

iftitle [if exist %iso_drive%/images/Porteus.iso && if exist %iso_drive%/images/porteus/data.img] Linux Porteus data.img - %iso_drive%/images/Porteus.iso
set iso_path=/images/Porteus.iso
map %iso_drive%%iso_path% (0xff)
map --hook
root (0xff)
kernel /boot/syslinux/vmlinuz nomagic base_only norootcopy changes=/images/porteus/data.img from=%iso_path%
initrd /boot/syslinux/initrd.xz

iftitle [if exist %iso_drive%/images/kali-linux.iso] KALI Linux - %iso_drive%/images/kali-linux.iso
set iso_path=/images/kali-linux.iso
map %iso_drive%%iso_path% (0xff)
map --hook
root (0xff)
kernel /live/vmlinuz findiso=%iso_path% boot=live components splash noeject username=kali hostname=kali
initrd /live/initrd.img

iftitle [if exist %iso_drive%/images/kali-linux.iso && if exist %iso_drive%/images/kali-linux/persistence] KALI Linux persistence - %iso_drive%/images/kali-linux.iso
set iso_path=/images/kali-linux.iso
map %iso_drive%%iso_path% (0xff)
map --hook
root (0xff)
kernel /live/vmlinuz findiso=%iso_path% boot=live persistence persistence-path=/images/kali-linux/ username=kali hostname=kali components quiet splash noeject  persistence
initrd /live/initrd.img

iftitle [if exist %iso_drive%/AIO/Menu/Linux.lst] AIO Linux OS - %iso_drive%/AIO/Menu/Linux.lst
configfile %iso_drive%/AIO/Menu/Linux.lst

iftitle [if exist (hd1,0)/bootmgr] Boot Windows from first primary partition of first hard disk 
chainloader (hd1,0)/bootmgr

title Grub4dos Menu
configfile /menu.lst

title Reboot Main Menu
chainloader (hd0)+1

title Reboot
reboot

title Switch Off
halt
