iftitle [if exist /bootmgr] Boot Manager Menu - Win 7/8/10 VHD and WIM
chainloader /bootmgr

title Grub4dos Menu
configfile /menu.lst

iftitle [if exist %iso_drive%/images/linuxmint-19-cinnamon-64bit-v2.iso] ISO Linux Mint - %iso_drive%/images/linuxmint-19-cinnamon-64bit-v2.iso
set iso_path=/images/linuxmint-19-cinnamon-64bit-v2.iso
map %iso_drive%%iso_path% (0xff)
map --hook
root (0xff)
kernel /casper/vmlinuz file=/cdrom/preseed/linuxmint.seed boot=casper iso-scan/filename=%iso_path% quiet splash --
initrd /casper/initrd.lz

iftitle [if exist %iso_drive%/images/linuxmint-19-cinnamon-64bit-v2.iso && if exist %iso_drive%/images/linuxmint/casper-rw] ISO Linux Mint Persist - %iso_drive%/images/linuxmint-19-cinnamon-64bit-v2.iso
set iso_path=/images/linuxmint-19-cinnamon-64bit-v2.iso
map %iso_drive%%iso_path% (0xff)
map --hook
root (0xff)
kernel /casper/vmlinuz file=/cdrom/preseed/linuxmint.seed boot=casper persistent persistent-path=/images/linuxmint/ iso-scan/filename=%iso_path% quiet splash --
initrd /casper/initrd.lz

iftitle [if exist %iso_drive%/images/runtimelivecd.iso] ISO Knoppix - %iso_drive%/images/runtimelivecd.iso
set iso_path=/images/runtimelivecd.iso
map %iso_drive%%iso_path% (0xff)
map --hook
root (0xff)
kernel /boot/isolinux/linux bootfrom=/dev/*%iso_path% knoppix_dir=/KNOPPIX ramdisk_size=100000 lang=en apm=power-off nomce libata.force=noncq hpsa.hpsa_allow_any=1 loglevel=1 noswap tz=localtime
initrd /boot/isolinux/minirt.gz

iftitle [if exist %iso_drive%/images/ubuntu-18.10-desktop-amd64.iso] ISO Ubuntu - %iso_drive%/images/ubuntu-18.10-desktop-amd64.iso
set iso_path=/images/ubuntu-18.10-desktop-amd64.iso
map %iso_drive%%iso_path% (0xff)
map --hook
root (0xff)
kernel /casper/vmlinuz file=/cdrom/preseed/ubuntu.seed boot=casper iso-scan/filename=%iso_path% quiet splash ---
initrd /casper/initrd

iftitle [if exist %iso_drive%/images/ubuntu-18.10-desktop-amd64.iso && if exist %iso_drive%/images/ubuntu/casper-rw] ISO Ubuntu Persist - %iso_drive%/images/ubuntu-18.10-desktop-amd64.iso
set iso_path=/images/ubuntu-18.10-desktop-amd64.iso
map %iso_drive%%iso_path% (0xff)
map --hook
root (0xff)
kernel /casper/vmlinuz file=/cdrom/preseed/ubuntu.seed boot=casper persistent persistent-path=/images/ubuntu/ iso-scan/filename=%iso_path% quiet splash ---
initrd /casper/initrd

iftitle [if exist %iso_drive%/images/Porteus-CINNAMON-v4.0-x86_64.iso] ISO Linux Porteus - %iso_drive%/images/Porteus-CINNAMON-v4.0-x86_64.iso
set iso_path=/images/Porteus-CINNAMON-v4.0-x86_64.iso
map %iso_drive%%iso_path% (0xff)
map --hook
root (0xff)
kernel /boot/syslinux/vmlinuz nomagic base_only norootcopy from=%iso_path%
initrd /boot/syslinux/initrd.xz
